*** Using Compiler 'V5.06 update 7 (build 960)', folder: 'C:\Users\35252\Desktop\stm32\ARM\ARMCC\Bin'
Build target 'FreeRTOS'
compiling stm32f4xx_it.c...
compiling delay.c...
compiling main.c...
compiling stm32f4xx_hal_usart.c...
compiling stm32f4xx_hal_gpio.c...
compiling spi.c...
compiling stm32f4xx_hal_tim.c...
compiling stm32f4xx_hal.c...
compiling stm32f4xx_hal_pwr.c...
compiling stm32f4xx_hal_rcc.c...
compiling sys.c...
compiling MahonyAHRS.c...
compiling system_stm32f4xx.c...
compiling usart.c...
compiling stm32f4xx_hal_rcc_ex.c...
compiling stm32f4xx_hal_tim_ex.c...
compiling iic_hw.c...
compiling stm32f4xx_hal_flash_ex.c...
compiling stm32f4xx_hal_pwr_ex.c...
compiling stm32f4xx_hal_cortex.c...
compiling stm32f4xx_hal_sram.c...
compiling imu.c...
compiling stm32f4xx_hal_dma.c...
compiling stm32f4xx_hal_i2c_ex.c...
compiling led.c...
compiling stm32f4xx_hal_flash.c...
compiling key.c...
compiling stm32f4xx_hal_dma_ex.c...
compiling bmi088.c...
compiling stm32f4xx_ll_fsmc.c...
compiling stm32f4xx_hal_spi.c...
compiling stm32f4xx_hal_uart.c...
compiling ist8310.c...
compiling nrf24l01.c...
compiling stm32f4xx_hal_i2c.c...
compiling pid.c...
compiling oled.c...
compiling my_task.c...
compiling data.c...
compiling motor.c...
compiling imu660ra.c...
compiling imu660ra_firmware.c...
compiling malloc.c...
compiling croutine.c...
compiling event_groups.c...
compiling list.c...
compiling queue.c...
compiling stream_buffer.c...
compiling timers.c...
compiling heap_4.c...
compiling tasks.c...
compiling port.c...
linking...
Program Size: Code=35224 RO-data=8700 RW-data=340 ZI-data=95932  
FromELF: creating hex file...
"..\..\Output\atk_f407.axf" - 0 Error(s), 0 Warning(s).
Build Time Elapsed:  00:00:04
